node.exe : PASS src/__tests__/contexts/AuthContext.test.tsx
At line:1 char:1
+ & "C:\Program Files\nodejs/node.exe" "C:\Program Files\nodejs/node_mo ...
+ ~~~~~~~~~~~~~~~~~~~~~~~~~~~~~~~~~~~~~~~~~~~~~~~~~~~~~~~~~~~~~~~~~~~~~
    + CategoryInfo          : NotSpecified: (PASS src/__test...ontext.test.tsx:String) [], RemoteException
    + FullyQualifiedErrorId : NativeCommandError
 
PASS src/__tests__/contexts/CartContext.test.tsx
PASS src/__tests__/components/Header.test.tsx
PASS src/__tests__/pages/CartPage.test.tsx
  Γקן Console

    console.log
      [CartPage] render, cartEntries: []

      at log (src/app/cart/page.tsx:70:13)

    console.log
      [CartPage] render, cartEntries: []

      at log (src/app/cart/page.tsx:70:13)

    console.log
      [CartPage] render, cartEntries: []

      at log (src/app/cart/page.tsx:70:13)

    console.log
      [CartPage] render, cartEntries: []

      at log (src/app/cart/page.tsx:70:13)

    console.log
      [CartPage] render, cartEntries: [
        {
          id: 'entry-1',
          timestamp: 1768258288434,
          school: { id: 1, name: 'School A' },
          grade: { id: 1, name: 'Grade 1' },
          items: [ [Object], [Object] ]
        },
        {
          id: 'entry-2',
          timestamp: 1768258287434,
          school: { id: 2, name: 'School B' },
          grade: { id: 2, name: 'Grade 2' },
          items: [ [Object] ]
        }
      ]

      at log (src/app/cart/page.tsx:70:13)

    console.log
      [CartPage] render, cartEntries: [
        {
          id: 'entry-1',
          timestamp: 1768258288434,
          school: { id: 1, name: 'School A' },
          grade: { id: 1, name: 'Grade 1' },
          items: [ [Object], [Object] ]
        },
        {
          id: 'entry-2',
          timestamp: 1768258287434,
          school: { id: 2, name: 'School B' },
          grade: { id: 2, name: 'Grade 2' },
          items: [ [Object] ]
        }
      ]

      at log (src/app/cart/page.tsx:70:13)

    console.log
      [CartPage] render, cartEntries: [
        {
          id: 'entry-1',
          timestamp: 1768258288434,
          school: { id: 1, name: 'School A' },
          grade: { id: 1, name: 'Grade 1' },
          items: [ [Object], [Object] ]
        },
        {
          id: 'entry-2',
          timestamp: 1768258287434,
          school: { id: 2, name: 'School B' },
          grade: { id: 2, name: 'Grade 2' },
          items: [ [Object] ]
        }
      ]

      at log (src/app/cart/page.tsx:70:13)

    console.log
      [CartPage] render, cartEntries: [
        {
          id: 'entry-1',
          timestamp: 1768258288434,
          school: { id: 1, name: 'School A' },
          grade: { id: 1, name: 'Grade 1' },
          items: [ [Object], [Object] ]
        },
        {
          id: 'entry-2',
          timestamp: 1768258287434,
          school: { id: 2, name: 'School B' },
          grade: { id: 2, name: 'Grade 2' },
          items: [ [Object] ]
        }
      ]

      at log (src/app/cart/page.tsx:70:13)

    console.log
      [CartPage] render, cartEntries: [
        {
          id: 'entry-1',
          timestamp: 1768258288434,
          school: { id: 1, name: 'School A' },
          grade: { id: 1, name: 'Grade 1' },
          items: [ [Object], [Object] ]
        },
        {
          id: 'entry-2',
          timestamp: 1768258287434,
          school: { id: 2, name: 'School B' },
          grade: { id: 2, name: 'Grade 2' },
          items: [ [Object] ]
        }
      ]

      at log (src/app/cart/page.tsx:70:13)

    console.log
      [CartPage] render, cartEntries: [
        {
          id: 'entry-1',
          timestamp: 1768258288434,
          school: { id: 1, name: 'School A' },
          grade: { id: 1, name: 'Grade 1' },
          items: [ [Object], [Object] ]
        },
        {
          id: 'entry-2',
          timestamp: 1768258287434,
          school: { id: 2, name: 'School B' },
          grade: { id: 2, name: 'Grade 2' },
          items: [ [Object] ]
        }
      ]

      at log (src/app/cart/page.tsx:70:13)

    console.log
      [CartPage] render, cartEntries: [
        {
          id: 'entry-1',
          timestamp: 1768258288434,
          school: { id: 1, name: 'School A' },
          grade: { id: 1, name: 'Grade 1' },
          items: [ [Object], [Object] ]
        },
        {
          id: 'entry-2',
          timestamp: 1768258287434,
          school: { id: 2, name: 'School B' },
          grade: { id: 2, name: 'Grade 2' },
          items: [ [Object] ]
        }
      ]

      at log (src/app/cart/page.tsx:70:13)

    console.log
      [CartPage] render, cartEntries: [
        {
          id: 'entry-1',
          timestamp: 1768258289243,
          school: { id: 1, name: 'Test School' },
          grade: { id: 1, name: 'Test Grade' },
          items: [ [Object] ]
        }
      ]

      at log (src/app/cart/page.tsx:70:13)

    console.log
      [CartPage] render, cartEntries: [
        {
          id: 'entry-1',
          timestamp: 1768258289243,
          school: { id: 1, name: 'Test School' },
          grade: { id: 1, name: 'Test Grade' },
          items: [ [Object] ]
        }
      ]

      at log (src/app/cart/page.tsx:70:13)

    console.log
      [CartPage] render, cartEntries: [
        {
          id: 'entry-1',
          timestamp: 1768258289304,
          school: { id: 1, name: 'Test School' },
          grade: { id: 1, name: 'Test Grade' },
          items: [ [Object] ]
        }
      ]

      at log (src/app/cart/page.tsx:70:13)

    console.log
      [CartPage] render, cartEntries: [
        {
          id: 'entry-1',
          timestamp: 1768258289304,
          school: { id: 1, name: 'Test School' },
          grade: { id: 1, name: 'Test Grade' },
          items: [ [Object] ]
        }
      ]

      at log (src/app/cart/page.tsx:70:13)

    console.log
      [CartPage] render, cartEntries: [
        {
          id: 'entry-1',
          timestamp: 1768258289338,
          school: { id: 1, name: 'Test School' },
          grade: { id: 1, name: 'Test Grade' },
          items: [ [Object] ]
        }
      ]

      at log (src/app/cart/page.tsx:70:13)

    console.log
      [CartPage] render, cartEntries: [
        {
          id: 'entry-1',
          timestamp: 1768258289338,
          school: { id: 1, name: 'Test School' },
          grade: { id: 1, name: 'Test Grade' },
          items: [ [Object] ]
        }
      ]

      at log (src/app/cart/page.tsx:70:13)

    console.log
      [CartPage] render, cartEntries: [
        {
          id: 'entry-1',
          timestamp: 1768258289338,
          school: { id: 1, name: 'Test School' },
          grade: { id: 1, name: 'Test Grade' },
          items: [ [Object] ]
        }
      ]

      at log (src/app/cart/page.tsx:70:13)

    console.log
      [CartPage] render, cartEntries: [
        {
          id: 'entry-1',
          timestamp: 1768258289407,
          school: { id: 1, name: 'Test School' },
          grade: { id: 1, name: 'Test Grade' },
          items: [ [Object] ]
        }
      ]

      at log (src/app/cart/page.tsx:70:13)

    console.log
      [CartPage] render, cartEntries: [
        {
          id: 'entry-1',
          timestamp: 1768258289407,
          school: { id: 1, name: 'Test School' },
          grade: { id: 1, name: 'Test Grade' },
          items: [ [Object] ]
        }
      ]

      at log (src/app/cart/page.tsx:70:13)

    console.log
      [CartPage] render, cartEntries: [
        {
          id: 'entry-1',
          timestamp: 1768258289407,
          school: { id: 1, name: 'Test School' },
          grade: { id: 1, name: 'Test Grade' },
          items: [ [Object] ]
        }
      ]

      at log (src/app/cart/page.tsx:70:13)

    console.log
      [CartPage] render, cartEntries: [
        {
          id: 'entry-1',
          timestamp: 1768258289443,
          school: { id: 1, name: 'School A' },
          grade: { id: 1, name: 'Grade 1' },
          items: []
        }
      ]

      at log (src/app/cart/page.tsx:70:13)

    console.log
      [CartPage] render, cartEntries: [
        {
          id: 'entry-1',
          timestamp: 1768258289443,
          school: { id: 1, name: 'School A' },
          grade: { id: 1, name: 'Grade 1' },
          items: []
        }
      ]

      at log (src/app/cart/page.tsx:70:13)

    console.log
      [CartPage] render, cartEntries: [
        {
          id: 'entry-1',
          timestamp: 1768258289472,
          school: { id: 1, name: 'School A' },
          grade: { id: 1, name: 'Grade 1' },
          items: []
        }
      ]

      at log (src/app/cart/page.tsx:70:13)

    console.log
      [CartPage] render, cartEntries: [
        {
          id: 'entry-1',
          timestamp: 1768258289472,
          school: { id: 1, name: 'School A' },
          grade: { id: 1, name: 'Grade 1' },
          items: []
        }
      ]

      at log (src/app/cart/page.tsx:70:13)

    console.log
      [CartPage] render, cartEntries: [
        {
          id: 'entry-1',
          timestamp: 1768258289472,
          school: { id: 1, name: 'School A' },
          grade: { id: 1, name: 'Grade 1' },
          items: []
        }
      ]

      at log (src/app/cart/page.tsx:70:13)

    console.log
      [CartPage] render, cartEntries: [
        {
          id: 'entry-1',
          timestamp: 1768258289520,
          school: { id: 1, name: 'School A' },
          grade: { id: 1, name: 'Grade 1' },
          items: []
        }
      ]

      at log (src/app/cart/page.tsx:70:13)

    console.log
      [CartPage] render, cartEntries: [
        {
          id: 'entry-1',
          timestamp: 1768258289520,
          school: { id: 1, name: 'School A' },
          grade: { id: 1, name: 'Grade 1' },
          items: []
        }
      ]

      at log (src/app/cart/page.tsx:70:13)

    console.log
      [CartPage] render, cartEntries: [
        {
          id: 'entry-1',
          timestamp: 1768258289520,
          school: { id: 1, name: 'School A' },
          grade: { id: 1, name: 'Grade 1' },
          items: []
        }
      ]

      at log (src/app/cart/page.tsx:70:13)

    console.log
      [CartPage] render, cartEntries: [
        {
          id: 'entry-1',
          timestamp: 1768258289554,
          school: { id: 1, name: 'School A' },
          grade: { id: 1, name: 'Grade 1' },
          items: []
        }
      ]

      at log (src/app/cart/page.tsx:70:13)

    console.log
      [CartPage] render, cartEntries: [
        {
          id: 'entry-1',
          timestamp: 1768258289561,
          school: { id: 1, name: 'School A' },
          grade: { id: 1, name: 'Grade 1' },
          items: []
        }
      ]

      at log (src/app/cart/page.tsx:70:13)

    console.log
      [CartPage] render, cartEntries: [
        {
          id: 'entry-1',
          timestamp: 1705307400000,
          school: { id: 1, name: 'School A' },
          grade: { id: 1, name: 'Grade 1' },
          items: []
        }
      ]

      at log (src/app/cart/page.tsx:70:13)

PASS src/__tests__/components/EquipmentList.test.tsx
PASS src/__tests__/components/SearchableSelect.test.tsx
PASS src/__tests__/components/ProtectedRoute.test.tsx
PASS src/__tests__/components/ConfirmDialog.test.tsx
PASS src/__tests__/components/Toast.test.tsx
PASS src/__tests__/components/SaveToCartButton.test.tsx
PASS src/__tests__/components/LoginForm.test.tsx (9.238 s)

Test Suites: 11 passed, 11 total
Tests:       132 passed, 132 total
Snapshots:   0 total
Time:        13.293 s
Ran all test suites.
